==== Mon 04/06/2026 21:45:01.13 ==== 
Reminder runner completed.
Notifications sent: 2
Upcoming reminders: 0
Take-now reminders: 0
Missed reminders: 2
Auto-skipped doses: 2
Processed items: 2
MISSED 34 -> EMAIL: SENT | SMS: FAILED | AUTO-SKIPPED
MISSED 41 -> EMAIL: SENT | SMS: FAILED | AUTO-SKIPPED
 
==== Mon 04/06/2026 21:46:01.49 ==== 
Reminder runner completed.
Notifications sent: 0
Upcoming reminders: 0
Take-now reminders: 0
Missed reminders: 0
Auto-skipped doses: 0
Processed items: 0
 
==== Mon 04/06/2026 21:47:01.46 ==== 
Reminder runner completed.
Notifications sent: 0
Upcoming reminders: 0
Take-now reminders: 0
Missed reminders: 0
Auto-skipped doses: 0
Processed items: 0
 
==== Mon 04/06/2026 21:48:01.43 ==== 
Reminder runner completed.
Notifications sent: 0
Upcoming reminders: 0
Take-now reminders: 0
Missed reminders: 0
Auto-skipped doses: 0
Processed items: 0
 
==== Mon 04/06/2026 21:49:01.42 ==== 
Reminder runner completed.
Notifications sent: 0
Upcoming reminders: 0
Take-now reminders: 0
Missed reminders: 0
Auto-skipped doses: 0
Processed items: 0
 
==== Mon 04/06/2026 21:50:01.40 ==== 
Reminder runner completed.
Notifications sent: 0
Upcoming reminders: 0
Take-now reminders: 0
Missed reminders: 0
Auto-skipped doses: 0
Processed items: 0
 
==== Mon 04/06/2026 21:56:21.13 ==== 
Reminder runner completed.
Notifications sent: 0
Upcoming reminders: 0
Take-now reminders: 0
Missed reminders: 0
Auto-skipped doses: 0
Processed items: 0
 
==== Mon 04/06/2026 21:57:01.44 ==== 
Reminder runner completed.
Notifications sent: 0
Upcoming reminders: 0
Take-now reminders: 0
Missed reminders: 0
Auto-skipped doses: 0
Processed items: 0
 
==== Mon 04/06/2026 21:58:01.62 ==== 
Reminder runner completed.
Notifications sent: 0
Upcoming reminders: 0
Take-now reminders: 0
Missed reminders: 0
Auto-skipped doses: 0
Processed items: 0
 
==== Mon 04/06/2026 21:59:01.41 ==== 
Reminder runner completed.
Notifications sent: 0
Upcoming reminders: 0
Take-now reminders: 0
Missed reminders: 0
Auto-skipped doses: 0
Processed items: 0
 
==== Mon 04/06/2026 22:00:01.43 ==== 
Reminder runner completed.
Notifications sent: 0
Upcoming reminders: 0
Take-now reminders: 0
Missed reminders: 0
Auto-skipped doses: 0
Processed items: 0
 
==== Mon 04/06/2026 22:01:01.47 ==== 
Reminder runner completed.
Notifications sent: 0
Upcoming reminders: 0
Take-now reminders: 0
Missed reminders: 0
Auto-skipped doses: 0
Processed items: 0
 
==== Mon 04/06/2026 22:02:01.42 ==== 
Reminder runner completed.
Notifications sent: 0
Upcoming reminders: 0
Take-now reminders: 0
Missed reminders: 0
Auto-skipped doses: 0
Processed items: 0
 
==== Mon 04/06/2026 22:03:01.40 ==== 
Reminder runner completed.
Notifications sent: 0
Upcoming reminders: 0
Take-now reminders: 0
Missed reminders: 0
Auto-skipped doses: 0
Processed items: 0
 
==== Mon 04/06/2026 22:04:01.42 ==== 
Reminder runner completed.
Notifications sent: 0
Upcoming reminders: 0
Take-now reminders: 0
Missed reminders: 0
Auto-skipped doses: 0
Processed items: 0
 
==== Mon 04/06/2026 22:05:01.45 ==== 
Reminder runner completed.
Notifications sent: 0
Upcoming reminders: 0
Take-now reminders: 0
Missed reminders: 0
Auto-skipped doses: 0
Processed items: 0
 
==== Mon 04/06/2026 22:07:01.05 ==== 
Reminder runner completed.
Notifications sent: 0
Upcoming reminders: 0
Take-now reminders: 0
Missed reminders: 0
Auto-skipped doses: 0
Processed items: 0
 
==== Mon 04/06/2026 22:08:01.58 ==== 
Reminder runner completed.
Notifications sent: 0
Upcoming reminders: 0
Take-now reminders: 0
Missed reminders: 0
Auto-skipped doses: 0
Processed items: 0
 
==== Mon 04/06/2026 22:09:01.58 ==== 
Reminder runner completed.
Notifications sent: 0
Upcoming reminders: 0
Take-now reminders: 0
Missed reminders: 0
Auto-skipped doses: 0
Processed items: 0
 
==== Mon 04/06/2026 22:10:01.57 ==== 
Reminder runner completed.
Notifications sent: 0
Upcoming reminders: 0
Take-now reminders: 0
Missed reminders: 0
Auto-skipped doses: 0
Processed items: 0
 
==== Mon 04/06/2026 22:11:01.63 ==== 
Reminder runner completed.
Notifications sent: 0
Upcoming reminders: 0
Take-now reminders: 0
Missed reminders: 0
Auto-skipped doses: 0
Processed items: 0
 
==== Mon 04/06/2026 22:12:01.58 ==== 
Reminder runner completed.
Notifications sent: 0
Upcoming reminders: 0
Take-now reminders: 0
Missed reminders: 0
Auto-skipped doses: 0
Processed items: 0
 
==== Mon 04/06/2026 22:13:01.57 ==== 
Reminder runner completed.
Notifications sent: 0
Upcoming reminders: 0
Take-now reminders: 0
Missed reminders: 0
Auto-skipped doses: 0
Processed items: 0
 
==== Mon 04/06/2026 22:14:01.53 ==== 
Reminder runner completed.
Notifications sent: 0
Upcoming reminders: 0
Take-now reminders: 0
Missed reminders: 0
Auto-skipped doses: 0
Processed items: 0
 
==== Mon 04/06/2026 22:31:14.67 ==== 
Reminder runner completed.
Notifications sent: 0
Upcoming reminders: 0
Take-now reminders: 0
Missed reminders: 0
Auto-skipped doses: 0
Processed items: 0
 
==== Mon 04/06/2026 22:38:59.85 ==== 
Reminder runner completed.
Notifications sent: 3
Upcoming reminders: 0
Take-now reminders: 0
Missed reminders: 3
Auto-skipped doses: 3
Processed items: 3
MISSED 83 -> EMAIL: SENT | SMS: FAILED | AUTO-SKIPPED
MISSED 78 -> EMAIL: SENT | SMS: FAILED | AUTO-SKIPPED
MISSED 84 -> EMAIL: SENT | SMS: FAILED | AUTO-SKIPPED
 
==== Mon 04/06/2026 22:51:01.92 ==== 
Reminder runner completed.
Notifications sent: 3
Upcoming reminders: 0
Take-now reminders: 1
Missed reminders: 2
Auto-skipped doses: 2
Processed items: 3
DUE_NOW 85 -> EMAIL: SENT | SMS: FAILED
MISSED 76 -> EMAIL: SENT | SMS: FAILED | AUTO-SKIPPED
MISSED 69 -> EMAIL: SENT | SMS: FAILED | AUTO-SKIPPED
 
==== Mon 04/06/2026 22:52:01.92 ==== 
Reminder runner completed.
Notifications sent: 0
Upcoming reminders: 0
Take-now reminders: 0
Missed reminders: 0
Auto-skipped doses: 0
Processed items: 0
 
==== Mon 04/06/2026 22:53:01.94 ==== 
Reminder runner completed.
Notifications sent: 0
Upcoming reminders: 0
Take-now reminders: 0
Missed reminders: 0
Auto-skipped doses: 0
Processed items: 0
 
==== Mon 04/06/2026 22:54:01.96 ==== 
Reminder runner completed.
Notifications sent: 1
Upcoming reminders: 0
Take-now reminders: 1
Missed reminders: 0
Auto-skipped doses: 0
Processed items: 1
DUE_NOW 86 -> EMAIL: SENT | SMS: FAILED
 
==== Mon 04/06/2026 22:55:01.95 ==== 
Reminder runner completed.
Notifications sent: 0
Upcoming reminders: 0
Take-now reminders: 1
Missed reminders: 0
Auto-skipped doses: 0
Processed items: 1
DUE_NOW 86 -> EMAIL: SKIPPED | SMS: SKIPPED
 
==== Mon 04/06/2026 22:56:01.91 ==== 
^C==== Mon 04/06/2026 22:57:01.98 ==== 
Reminder runner completed.
Notifications sent: 1
Upcoming reminders: 0
Take-now reminders: 1
Missed reminders: 1
Auto-skipped doses: 1
Processed items: 2
DUE_NOW 86 -> EMAIL: SKIPPED | SMS: SKIPPED
MISSED 93 -> EMAIL: SENT | SMS: FAILED | AUTO-SKIPPED
 
==== Mon 04/06/2026 22:58:02.10 ==== 
Reminder runner completed.
Notifications sent: 0
Upcoming reminders: 0
Take-now reminders: 1
Missed reminders: 0
Auto-skipped doses: 0
Processed items: 1
DUE_NOW 86 -> EMAIL: SKIPPED | SMS: SKIPPED
 
==== Mon 04/06/2026 22:59:01.95 ==== 
Reminder runner completed.
Notifications sent: 1
Upcoming reminders: 1
Take-now reminders: 1
Missed reminders: 0
Auto-skipped doses: 0
Processed items: 2
UPCOMING 100 -> EMAIL: SENT | SMS: FAILED
DUE_NOW 86 -> EMAIL: SKIPPED | SMS: SKIPPED
 
==== Mon 04/06/2026 23:00:01.87 ==== 
Reminder runner completed.
Notifications sent: 0
Upcoming reminders: 1
Take-now reminders: 1
Missed reminders: 0
Auto-skipped doses: 0
Processed items: 2
UPCOMING 100 -> EMAIL: SKIPPED | SMS: SKIPPED
DUE_NOW 86 -> EMAIL: SKIPPED | SMS: SKIPPED
 
==== Mon 04/06/2026 23:01:01.87 ==== 
Reminder runner completed.
Notifications sent: 0
Upcoming reminders: 1
Take-now reminders: 1
Missed reminders: 0
Auto-skipped doses: 0
Processed items: 2
UPCOMING 100 -> EMAIL: SKIPPED | SMS: SKIPPED
DUE_NOW 86 -> EMAIL: SKIPPED | SMS: SKIPPED
 
==== Mon 04/06/2026 23:02:01.87 ==== 
Reminder runner completed.
Notifications sent: 0
Upcoming reminders: 1
Take-now reminders: 1
Missed reminders: 0
Auto-skipped doses: 0
Processed items: 2
UPCOMING 100 -> EMAIL: SKIPPED | SMS: SKIPPED
DUE_NOW 86 -> EMAIL: SKIPPED | SMS: SKIPPED
 
==== Mon 04/06/2026 23:03:01.84 ==== 
Reminder runner completed.
Notifications sent: 0
Upcoming reminders: 1
Take-now reminders: 1
Missed reminders: 0
Auto-skipped doses: 0
Processed items: 2
UPCOMING 100 -> EMAIL: SKIPPED | SMS: SKIPPED
DUE_NOW 86 -> EMAIL: SKIPPED | SMS: SKIPPED
 
==== Mon 04/06/2026 23:04:01.87 ==== 
Reminder runner completed.
Notifications sent: 1
Upcoming reminders: 0
Take-now reminders: 2
Missed reminders: 0
Auto-skipped doses: 0
Processed items: 2
DUE_NOW 86 -> EMAIL: SKIPPED | SMS: SKIPPED
DUE_NOW 100 -> EMAIL: SENT | SMS: FAILED
 
==== Mon 04/06/2026 23:05:01.90 ==== 
Reminder runner completed.
Notifications sent: 0
Upcoming reminders: 0
Take-now reminders: 2
Missed reminders: 0
Auto-skipped doses: 0
Processed items: 2
DUE_NOW 86 -> EMAIL: SKIPPED | SMS: SKIPPED
DUE_NOW 100 -> EMAIL: SKIPPED | SMS: SKIPPED
 
==== Mon 04/06/2026 23:06:01.85 ==== 
Reminder runner completed.
Notifications sent: 0
Upcoming reminders: 0
Take-now reminders: 2
Missed reminders: 0
Auto-skipped doses: 0
Processed items: 2
DUE_NOW 86 -> EMAIL: SKIPPED | SMS: SKIPPED
DUE_NOW 100 -> EMAIL: SKIPPED | SMS: SKIPPED
 
==== Mon 04/06/2026 23:15:00.80 ==== 
Reminder runner completed.
Notifications sent: 2
Upcoming reminders: 0
Take-now reminders: 1
Missed reminders: 1
Auto-skipped doses: 1
Processed items: 2
DUE_NOW 100 -> EMAIL: SKIPPED | SMS: SKIPPED
MISSED 86 -> EMAIL: SENT | SMS: SENT | AUTO-SKIPPED
 
==== Mon 04/06/2026 23:16:01.18 ==== 
Reminder runner completed.
Notifications sent: 0
Upcoming reminders: 0
Take-now reminders: 1
Missed reminders: 0
Auto-skipped doses: 0
Processed items: 1
DUE_NOW 100 -> EMAIL: SKIPPED | SMS: SKIPPED
 
==== Mon 04/06/2026 23:17:01.14 ==== 
Reminder runner completed.
Notifications sent: 0
Upcoming reminders: 0
Take-now reminders: 1
Missed reminders: 0
Auto-skipped doses: 0
Processed items: 1
DUE_NOW 100 -> EMAIL: SKIPPED | SMS: SKIPPED
 
==== Mon 04/06/2026 23:18:01.18 ==== 
Reminder runner completed.
Notifications sent: 2
Upcoming reminders: 0
Take-now reminders: 2
Missed reminders: 0
Auto-skipped doses: 0
Processed items: 2
DUE_NOW 100 -> EMAIL: SKIPPED | SMS: SKIPPED
DUE_NOW 107 -> EMAIL: SENT | SMS: SENT
 
==== Mon 04/06/2026 23:18:45.54 ==== 
Reminder runner completed.
Notifications sent: 0
Upcoming reminders: 0
Take-now reminders: 2
Missed reminders: 0
Auto-skipped doses: 0
Processed items: 2
DUE_NOW 100 -> EMAIL: SKIPPED | SMS: SKIPPED
DUE_NOW 107 -> EMAIL: SKIPPED | SMS: SKIPPED
 
==== Mon 04/06/2026 23:19:01.86 ==== 
==== Mon 04/06/2026 23:20:02.09 ==== 
^C==== Tue 04/07/2026 12:45:26.30 ==== 
^C==== Tue 04/07/2026 12:46:01.89 ==== 
Reminder runner completed.
Notifications sent: 2
Upcoming reminders: 0
Take-now reminders: 0
Missed reminders: 1
Auto-skipped doses: 1
Processed items: 1
MISSED 107 -> EMAIL: SENT | SMS: SENT | AUTO-SKIPPED
 
==== Tue 04/07/2026 12:47:01.95 ==== 
Reminder runner completed.
Notifications sent: 2
Upcoming reminders: 1
Take-now reminders: 0
Missed reminders: 0
Auto-skipped doses: 0
Processed items: 1
UPCOMING 121 -> EMAIL: SENT | SMS: SENT
 
==== Tue 04/07/2026 12:48:01.84 ==== 
Reminder runner completed.
Notifications sent: 0
Upcoming reminders: 1
Take-now reminders: 0
Missed reminders: 0
Auto-skipped doses: 0
Processed items: 1
UPCOMING 121 -> EMAIL: SKIPPED | SMS: SKIPPED
 
==== Tue 04/07/2026 12:49:01.92 ==== 
Reminder runner completed.
Notifications sent: 0
Upcoming reminders: 1
Take-now reminders: 0
Missed reminders: 0
Auto-skipped doses: 0
Processed items: 1
UPCOMING 121 -> EMAIL: SKIPPED | SMS: SKIPPED
 
==== Tue 04/07/2026 12:50:01.87 ==== 
Reminder runner completed.
Notifications sent: 0
Upcoming reminders: 1
Take-now reminders: 0
Missed reminders: 0
Auto-skipped doses: 0
Processed items: 1
UPCOMING 121 -> EMAIL: SKIPPED | SMS: SKIPPED
 
==== Tue 04/07/2026 12:51:01.91 ==== 
Reminder runner completed.
Notifications sent: 2
Upcoming reminders: 0
Take-now reminders: 1
Missed reminders: 0
Auto-skipped doses: 0
Processed items: 1
DUE_NOW 121 -> EMAIL: SENT | SMS: SENT
 
==== Tue 04/07/2026 12:52:01.86 ==== 
Reminder runner completed.
Notifications sent: 0
Upcoming reminders: 0
Take-now reminders: 1
Missed reminders: 0
Auto-skipped doses: 0
Processed items: 1
DUE_NOW 121 -> EMAIL: SKIPPED | SMS: SKIPPED
 
==== Tue 04/07/2026 12:53:01.96 ==== 
Reminder runner completed.
Notifications sent: 0
Upcoming reminders: 0
Take-now reminders: 0
Missed reminders: 0
Auto-skipped doses: 0
Processed items: 0
 
==== Tue 04/07/2026 12:54:01.89 ==== 
Reminder runner completed.
Notifications sent: 0
Upcoming reminders: 0
Take-now reminders: 0
Missed reminders: 0
Auto-skipped doses: 0
Processed items: 0
 
==== Tue 04/07/2026 12:55:01.89 ==== 
Reminder runner completed.
Notifications sent: 0
Upcoming reminders: 0
Take-now reminders: 0
Missed reminders: 0
Auto-skipped doses: 0
Processed items: 0
 
==== Tue 04/07/2026 12:56:01.88 ==== 
Reminder runner completed.
Notifications sent: 0
Upcoming reminders: 0
Take-now reminders: 0
Missed reminders: 0
Auto-skipped doses: 0
Processed items: 0
 
==== Tue 04/07/2026 12:57:01.89 ==== 
Reminder runner completed.
Notifications sent: 0
Upcoming reminders: 0
Take-now reminders: 0
Missed reminders: 0
Auto-skipped doses: 0
Processed items: 0
 
==== Tue 04/07/2026 12:58:01.87 ==== 
Reminder runner completed.
Notifications sent: 0
Upcoming reminders: 0
Take-now reminders: 0
Missed reminders: 0
Auto-skipped doses: 0
Processed items: 0
 
==== Tue 04/07/2026 12:59:01.91 ==== 
Reminder runner completed.
Notifications sent: 0
Upcoming reminders: 0
Take-now reminders: 0
Missed reminders: 0
Auto-skipped doses: 0
Processed items: 0
 
==== Tue 04/07/2026 13:00:01.89 ==== 
Reminder runner completed.
Notifications sent: 1
Upcoming reminders: 0
Take-now reminders: 1
Missed reminders: 0
Auto-skipped doses: 0
Processed items: 1
DUE_NOW 123 -> EMAIL: SENT | SMS: FAILED
 
==== Tue 04/07/2026 13:01:01.83 ==== 
Reminder runner completed.
Notifications sent: 0
Upcoming reminders: 0
Take-now reminders: 1
Missed reminders: 0
Auto-skipped doses: 0
Processed items: 1
DUE_NOW 123 -> EMAIL: SKIPPED | SMS: SKIPPED
 
==== Tue 04/07/2026 13:02:01.84 ==== 
Reminder runner completed.
Notifications sent: 0
Upcoming reminders: 0
Take-now reminders: 1
Missed reminders: 0
Auto-skipped doses: 0
Processed items: 1
DUE_NOW 123 -> EMAIL: SKIPPED | SMS: SKIPPED
 
==== Tue 04/07/2026 13:59:47.89 ==== 
^C==== Tue 04/07/2026 14:00:01.90 ==== 
Reminder runner completed.
Notifications sent: 2
Upcoming reminders: 0
Take-now reminders: 0
Missed reminders: 2
Auto-skipped doses: 2
Processed items: 2
MISSED 156 -> EMAIL: SENT | SMS: FAILED | AUTO-SKIPPED
MISSED 157 -> EMAIL: SENT | SMS: FAILED | AUTO-SKIPPED
 
==== Tue 04/07/2026 14:01:01.88 ==== 
Reminder runner completed.
Notifications sent: 0
Upcoming reminders: 0
Take-now reminders: 0
Missed reminders: 0
Auto-skipped doses: 0
Processed items: 0
 
==== Tue 04/07/2026 14:02:01.93 ==== 
Reminder runner completed.
Notifications sent: 2
Upcoming reminders: 1
Take-now reminders: 0
Missed reminders: 0
Auto-skipped doses: 0
Processed items: 1
UPCOMING 183 -> EMAIL: SENT | SMS: SENT
 
==== Tue 04/07/2026 14:03:01.94 ==== 
Reminder runner completed.
Notifications sent: 1
Upcoming reminders: 0
Take-now reminders: 1
Missed reminders: 0
Auto-skipped doses: 0
Processed items: 1
DUE_NOW 183 -> EMAIL: SENT | SMS: FAILED
 
==== Tue 04/07/2026 14:04:01.86 ==== 
Reminder runner completed.
Notifications sent: 0
Upcoming reminders: 0
Take-now reminders: 0
Missed reminders: 0
Auto-skipped doses: 0
Processed items: 0
 
==== Wed 04/08/2026  8:55:41.88 ==== 
Reminder runner completed.
Notifications sent: 0
Upcoming reminders: 0
Take-now reminders: 0
Missed reminders: 0
Auto-skipped doses: 0
Processed items: 0
 
==== Wed 04/08/2026  8:56:01.89 ==== 
Reminder runner completed.
Notifications sent: 0
Upcoming reminders: 0
Take-now reminders: 0
Missed reminders: 0
Auto-skipped doses: 0
Processed items: 0
 
==== Wed 04/08/2026  8:57:01.87 ==== 
Reminder runner completed.
Notifications sent: 1
Upcoming reminders: 1
Take-now reminders: 0
Missed reminders: 0
Auto-skipped doses: 0
Processed items: 1
UPCOMING 204 -> EMAIL: SENT | SMS: FAILED
 
==== Wed 04/08/2026  8:58:01.85 ==== 
Reminder runner completed.
Notifications sent: 1
Upcoming reminders: 0
Take-now reminders: 1
Missed reminders: 0
Auto-skipped doses: 0
Processed items: 1
DUE_NOW 204 -> EMAIL: SENT | SMS: FAILED
 
==== Wed 04/08/2026  8:59:01.91 ==== 
Reminder runner completed.
Notifications sent: 0
Upcoming reminders: 0
Take-now reminders: 0
Missed reminders: 0
Auto-skipped doses: 0
Processed items: 0
 
==== Wed 04/08/2026  9:00:01.94 ==== 
Reminder runner completed.
Notifications sent: 0
Upcoming reminders: 0
Take-now reminders: 0
Missed reminders: 0
Auto-skipped doses: 0
Processed items: 0
 
==== Wed 04/08/2026  9:01:01.91 ==== 
Reminder runner completed.
Notifications sent: 0
Upcoming reminders: 0
Take-now reminders: 0
Missed reminders: 0
Auto-skipped doses: 0
Processed items: 0
 
==== Wed 04/08/2026  9:02:01.96 ==== 
Reminder runner completed.
Notifications sent: 0
Upcoming reminders: 0
Take-now reminders: 0
Missed reminders: 0
Auto-skipped doses: 0
Processed items: 0
 
==== Wed 04/08/2026  9:03:01.91 ==== 
Reminder runner completed.
Notifications sent: 0
Upcoming reminders: 0
Take-now reminders: 0
Missed reminders: 0
Auto-skipped doses: 0
Processed items: 0
 
==== Wed 04/08/2026  9:04:01.90 ==== 
Reminder runner completed.
Notifications sent: 0
Upcoming reminders: 0
Take-now reminders: 0
Missed reminders: 0
Auto-skipped doses: 0
Processed items: 0
 
==== Wed 04/08/2026  9:05:01.97 ==== 
Reminder runner completed.
Notifications sent: 0
Upcoming reminders: 0
Take-now reminders: 0
Missed reminders: 0
Auto-skipped doses: 0
Processed items: 0
 
==== Wed 04/08/2026  9:06:01.85 ==== 
Reminder runner completed.
Notifications sent: 0
Upcoming reminders: 0
Take-now reminders: 0
Missed reminders: 0
Auto-skipped doses: 0
Processed items: 0
 
==== Wed 04/08/2026  9:07:01.88 ==== 
Reminder runner completed.
Notifications sent: 0
Upcoming reminders: 0
Take-now reminders: 0
Missed reminders: 0
Auto-skipped doses: 0
Processed items: 0
 
==== Wed 04/08/2026  9:08:01.85 ==== 
Reminder runner completed.
Notifications sent: 0
Upcoming reminders: 0
Take-now reminders: 0
Missed reminders: 0
Auto-skipped doses: 0
Processed items: 0
 
